=== cmd 0: [compose simple.yaml --dry-run --resume --verbose] ===
Warning: compose file has changed since the last run; resuming anyway
Compose hash:  acc3612c0a2b6c49
    Skipping:  1

🚧 [DRY RUN] Showing execution plan only — no changes will be made.


Orchestrating simple-deploy
Execution plan: 2 components

Execution Plan:
──────────────────────────────────────────────────
1. registry → script/DeployRegistry.s.sol (skipped)
2. token → script/DeployToken.s.sol
