=== cmd 0: [compose chain.yaml] ===
🚧 [DRY RUN] Showing execution plan only — no changes will be made.


🎯 Orchestrating chain-deploy
📋 Execution plan: 3 components

📋 Execution Plan:
──────────────────────────────────────────────────
1. libs → script/DeployLibs.s.sol
2. core → script/DeployCore.s.sol (depends on: [libs])
3. periphery → script/DeployPeriphery.s.sol (depends on: [core])
