=== cmd 0: [reset --yes] ===
⚠️ Warning: About to remove 3 deployment(s), 2 transaction(s), 2 safe transaction(s), 2 governor proposal(s). A backup will be created first.
Reset complete.
Removed 3 deployment(s), 2 transaction(s), 2 safe transaction(s), 2 governor proposal(s).
Backup created at: <PROJECT_ROOT>/.treb/backups/reset-<UNIX_TIME>
🔍 Scanning registry...
💾 Creating backup...
✅ Reset complete
