=== cmd 0: [registry drop --namespace default --yes] ===
Dropping 9 registry entries in namespace 'default':

  Deployments:        3
    TestContract:v1 (0x0000...0001) on chain 1
    TestContract:v1 (0x0000...0001) on chain 1
    TestContract:v1 (0x0000...0001) on chain 42220
  Transactions:       2  (orphaned)
  Safe Transactions:  2  (orphaned)
  Governor Proposals: 2  (orphaned)

Running in non-interactive mode. Proceeding with drop...
Successfully dropped 9 items from the registry.
