=== cmd 0: [run script/Deploy.s.sol --network anvil-31337 --dry-run --non-interactive] ===
No files changed, compilation skipped
[DRY RUN] No changes were written to the registry.

┌──────────┬────────────────────────────────────────────┬───────────┬───────────┬───────┐
│ Contract ┆ Address                                    ┆ Type      ┆ Namespace ┆ Chain │
╞══════════╪════════════════════════════════════════════╪═══════════╪═══════════╪═══════╡
│ Counter  ┆ 0x5b73C5498c1E3b4dbA84de0F1833c4a029d90519 ┆ SINGLETON ┆ default   ┆ 31337 │
└──────────┴────────────────────────────────────────────┴───────────┴───────────┴───────┘

1 deployment would be recorded, 1 transaction
Compiling and executing script/Deploy.s.sol...
Execution complete.
