=== cmd 0: [run script/Deploy.s.sol --network anvil-31337 --dry-run --non-interactive] ===
No files changed, compilation skipped

🔄 Transactions:
──────────────────────────────────────────────────
  1.  (SIMULATED)


📦 Deployment Summary:
──────────────────────────────────────────────────
default
└─ 31337
   └─ SINGLETON
      └─ Counter:Counter 0x5b73...0519 UNVERIFIED


✓ Registry Update:
──────────────────────────────────────────────────

🔨 Compiling and executing script/Deploy.s.sol...
🧪 Simulating...
✅ Execution complete.
