=== cmd 0: [prune --dry-run --network 1] ===
🔍 Checking registry entries...

🗑️  Found 2 items to prune:

Deployments (1):
  - dep-1 at 0x0000000000000000000000000000000000000001 (reason: deployment 'dep-1' references missing transaction 'tx-missing-1')

Transactions (1):
  - tx-orphan [Executed] (reason: transaction 'tx-orphan' references missing deployment 'dep-gone')
