=== cmd 0: [prune --dry-run --network 1] ===
┌───────────┬──────────────────────┬──────────────────────────────────────────────────────────────────┬──────────┐
│ ID        ┆ Kind                 ┆ Reason                                                           ┆ Chain ID │
╞═══════════╪══════════════════════╪══════════════════════════════════════════════════════════════════╪══════════╡
│ dep-1     ┆ BrokenTransactionRef ┆ deployment 'dep-1' references missing transaction 'tx-missing-1' ┆ 1        │
├╌╌╌╌╌╌╌╌╌╌╌┼╌╌╌╌╌╌╌╌╌╌╌╌╌╌╌╌╌╌╌╌╌╌┼╌╌╌╌╌╌╌╌╌╌╌╌╌╌╌╌╌╌╌╌╌╌╌╌╌╌╌╌╌╌╌╌╌╌╌╌╌╌╌╌╌╌╌╌╌╌╌╌╌╌╌╌╌╌╌╌╌╌╌╌╌╌╌╌╌╌┼╌╌╌╌╌╌╌╌╌╌┤
│ tx-orphan ┆ BrokenDeploymentRef  ┆ transaction 'tx-orphan' references missing deployment 'dep-gone' ┆ 1        │
└───────────┴──────────────────────┴──────────────────────────────────────────────────────────────────┴──────────┘

2 prune candidate(s) found. Re-run without --dry-run to remove.
🔍 Scanning registry...
