=== cmd 0: [run script/GovernorProposal.s.sol --network anvil-31337 --broadcast --non-interactive] ===
No files changed, compilation skipped

🔄 Transactions:
──────────────────────────────────────────────────
  1.  (SIMULATED)


✓ Registry Update:
──────────────────────────────────────────────────
  Registry update details pending.

Governor Proposals:
  1. 42 (proposed)
     Governor: 0xaAaA...aaAa | Timelock: 0xbBbB...BBbB | Status: pending | 1 linked transaction

🔨 Compiling and executing script/GovernorProposal.s.sol...
🏛️ Creating governance proposal...
✅ Execution complete.
