{
  "tx-<ID>": {
    "id": "tx-<ID>",
    "chainId": 31337,
    "hash": "",
    "status": "SIMULATED",
    "sender": "0xaAaAaAaaAaAaAaaAaAAAAAAAAaaaAaAaAaaAaaAa",
    "nonce": 0,
    "deployments": [],
    "operations": [
      {
        "type": "CALL",
        "target": "0x0000000000000000000000000000000000001000",
        "method": "0xdeadbeef",
        "result": {}
      }
    ],
    "environment": "default",
    "createdAt": "<TIMESTAMP>"
  }
}
