=== cmd 0: [show mainnet/42220/FPMMFactory:v<VERSION>] ===
Deployment: mainnet/42220/FPMMFactory:v<VERSION>
================================================================================

Basic Information:
  Contract: FPMMFactory:v<VERSION>
  Address: 0x959597fD009876e6f53EbdB2F1c1Bc3f994579dF
  Type: SINGLETON
  Namespace: mainnet
  Network: 42220
  Label: v<VERSION>

Deployment Strategy:
  Method: CREATE3
  Factory: 0xba5Ed099633D3B313e4D5F7bdc1305d3c28ba5Ed
  Salt: 0x32cb58b145d3f7e28c45ce4b2cc31fa94248b23f00ab81cc01eccdf4986f4073
  Entropy: mainnet/FPMMFactory:v<VERSION>
  InitCodeHash: 0x<HASH>

Artifact Information:
  Path: lib/mento-core/contracts/swap/FPMMFactory.sol
  Compiler: 0.8.24+commit.e11b9ed9
  BytecodeHash: 0x<HASH>
  Script: script/deploy/v3/DeployV3PreStage.s.sol
  GitCommit: f7c896cf0da6eca082cf90066d7e9510978e4659

Verification Status:
  Status: UNVERIFIED

Tags:
  - core
  - v3-release

Timestamps:
  Created: <TIMESTAMP>
  Updated: <TIMESTAMP>
