$ treb show mainnet/42220/FPMMFactory:v<VERSION>
── Identity ──
       ID:  mainnet/42220/FPMMFactory:v<VERSION>
 Contract:  FPMMFactory
    Label:  v<VERSION>
Namespace:  mainnet
     Type:  SINGLETON

── On-Chain ──
Chain ID:  42220
 Address:  0x959597fD009876e6f53EbdB2F1c1Bc3f994579dF

── Transaction ──
Transaction ID:  
        Method:  CREATE3
Salt:  0x32cb58b145d3f7e28c45ce4b2cc31fa94248b23f00ab81cc01eccdf4986f4073
Factory:  0xba5Ed099633D3B313e4D5F7bdc1305d3c28ba5Ed

── Artifact ──
         Path:  lib/mento-core/contracts/swap/FPMMFactory.sol
     Compiler:  0.8.24+commit.e11b9ed9
Bytecode Hash:  0x7c7a4e90bce79d7b7ed6e549549f3ea62f31ae8eddc9ed1ab3fe9416e63faf26
       Script:  script/deploy/v3/DeployV3PreStage.s.sol
   Git Commit:  f7c896cf0da6eca082cf90066d7e9510978e4659

── Verification ──
Status:  UNVERIFIED

── Timestamps ──
Created At:  <TIMESTAMP>
Updated At:  <TIMESTAMP>
