=== cmd 0: [compose chain.yaml --json] ===
[
  {
    "component": "libs",
    "deps": [],
    "script": "script/DeployLibs.s.sol",
    "step": 1
  },
  {
    "component": "core",
    "deps": [
      "libs"
    ],
    "script": "script/DeployCore.s.sol",
    "step": 2
  },
  {
    "component": "periphery",
    "deps": [
      "core"
    ],
    "script": "script/DeployPeriphery.s.sol",
    "step": 3
  }
]
