=== cmd 0: [run script/GovernorProposal.s.sol --network anvil-31337 --broadcast --non-interactive --json] ===
{
  "consoleLogs": [],
  "deployments": [],
  "dryRun": true,
  "gasUsed": 35948,
  "governorProposals": [
    {
      "governorAddress": "0xaAaAaAaaAaAaAaaAaAAAAAAAAaaaAaAaAaaAaaAa",
      "proposalId": "42",
      "status": "pending",
      "timelockAddress": "0xbBbBBBBbbBBBbbbBbbBbbbbBBbBbbbbBbBbbBBbB",
      "transactionIds": [
        "tx-<ID>"
      ]
    }
  ],
  "skipped": [],
  "success": true,
  "transactions": []
}
