=== cmd 0: [run script/GovernorProposal.s.sol --network anvil-31337 --broadcast --non-interactive --json] ===
No files changed, compilation skipped
{
  "console_logs": [],
  "deployments": [],
  "dry_run": false,
  "gas_used": 35948,
  "governorProposals": [
    {
      "governorAddress": "0xaAaAaAaaAaAaAaaAaAAAAAAAAaaaAaAaAaaAaaAa",
      "proposalId": "42",
      "status": "pending",
      "timelockAddress": "0xbBbBBBBbbBBBbbbBbbBbbbbBBbBbbbbBbBbbBBbB",
      "transactionIds": [
        "tx-<ID>"
      ]
    }
  ],
  "skipped": [],
  "success": true,
  "transactions": [
    {
      "hash": "",
      "id": "tx-<ID>",
      "status": "SIMULATED"
    }
  ]
}
