=== cmd 0: [fork history] ===
┌─────────────────────────┬─────────┬─────────┬────────────────────────────┐
│ Timestamp               ┆ Action  ┆ Network ┆ Details                    │
╞═════════════════════════╪═════════╪═════════╪════════════════════════════╡
│ <TIMESTAMP> UTC ┆ restart ┆ mainnet ┆ Anvil reset; snapshot: 0x2 │
├╌╌╌╌╌╌╌╌╌╌╌╌╌╌╌╌╌╌╌╌╌╌╌╌╌┼╌╌╌╌╌╌╌╌╌┼╌╌╌╌╌╌╌╌╌┼╌╌╌╌╌╌╌╌╌╌╌╌╌╌╌╌╌╌╌╌╌╌╌╌╌╌╌╌┤
│ <TIMESTAMP> UTC ┆ enter   ┆ sepolia ┆ -                          │
├╌╌╌╌╌╌╌╌╌╌╌╌╌╌╌╌╌╌╌╌╌╌╌╌╌┼╌╌╌╌╌╌╌╌╌┼╌╌╌╌╌╌╌╌╌┼╌╌╌╌╌╌╌╌╌╌╌╌╌╌╌╌╌╌╌╌╌╌╌╌╌╌╌╌┤
│ <TIMESTAMP> UTC ┆ enter   ┆ mainnet ┆ -                          │
└─────────────────────────┴─────────┴─────────┴────────────────────────────┘
