=== cmd 0: [reset --yes --network 1] ===
⚠️ Warning: About to remove 2 deployment(s), 1 transaction(s), 1 safe transaction(s), 1 governor proposal(s). A backup will be created first.
Reset complete.
Removed 2 deployment(s), 1 transaction(s), 1 safe transaction(s), 1 governor proposal(s).
Backup created at: <PROJECT_ROOT>/.treb/backups/reset-<UNIX_TIME>
🔍 Scanning registry...
💾 Creating backup...
✅ Reset complete
