{
  "default/31337/Counter:CounterA": {
    "id": "default/31337/Counter:CounterA",
    "namespace": "default",
    "chainId": 31337,
    "contractName": "Counter",
    "label": "CounterA",
    "address": "0x7AaCc5300ec7Ac58fe86645D08f21b1BEcadf99a",
    "type": "SINGLETON",
    "transactionId": "tx-<ID>",
    "deploymentStrategy": {
      "method": "CREATE",
      "initCodeHash": "0x6b4b0d70f62210e7956a96f3bb74f24ec0326d67968691426354cc51d99c27fd"
    },
    "proxyInfo": null,
    "artifact": {
      "path": "<PROJECT_ROOT>/src/Counter.sol",
      "compilerVersion": "",
      "bytecodeHash": "0xc977a8cd8e35b34034d62c150d567937cbb522a6d77fdf133a1a4753b2dd27a6",
      "scriptPath": "script/DeployMulti.s.sol",
      "gitCommit": ""
    },
    "verification": {
      "status": "UNVERIFIED"
    },
    "tags": null,
    "createdAt": "<TIMESTAMP>",
    "updatedAt": "<TIMESTAMP>"
  },
  "default/31337/Counter:CounterB": {
    "id": "default/31337/Counter:CounterB",
    "namespace": "default",
    "chainId": 31337,
    "contractName": "Counter",
    "label": "CounterB",
    "address": "0x9121cce589dd296201c22E9D054D7304FA807b6a",
    "type": "SINGLETON",
    "transactionId": "tx-<ID>",
    "deploymentStrategy": {
      "method": "CREATE",
      "initCodeHash": "0x6b4b0d70f62210e7956a96f3bb74f24ec0326d67968691426354cc51d99c27fd"
    },
    "proxyInfo": null,
    "artifact": {
      "path": "<PROJECT_ROOT>/src/Counter.sol",
      "compilerVersion": "",
      "bytecodeHash": "0xc977a8cd8e35b34034d62c150d567937cbb522a6d77fdf133a1a4753b2dd27a6",
      "scriptPath": "script/DeployMulti.s.sol",
      "gitCommit": ""
    },
    "verification": {
      "status": "UNVERIFIED"
    },
    "tags": null,
    "createdAt": "<TIMESTAMP>",
    "updatedAt": "<TIMESTAMP>"
  }
}
