{
  "tx-<ID>": {
    "id": "tx-<ID>",
    "chainId": 31337,
    "hash": "0x82519152359473725ae719ac40ef64fdc425306dcf9fd265f1a148470bd33f04",
    "status": "EXECUTED",
    "blockNumber": 1,
    "sender": "0xf39Fd6e51aad88F6F4ce6aB8827279cffFb92266",
    "nonce": 0,
    "deployments": [],
    "operations": [
      {
        "type": "CALL",
        "target": "0xC7f2Cf4845C6db0e1a1e91ED41Bcd0FcC1b0E141",
        "method": "0x84491a77",
        "result": {}
      }
    ],
    "broadcastFile": "broadcast/DeployMulti.s.sol/31337/run-latest.json",
    "environment": "default",
    "createdAt": "<TIMESTAMP>"
  }
}
