=== cmd 0: [run script/GovernorProposal.s.sol --network anvil-31337 --broadcast --non-interactive --verbose] ===
──────────────────────────────────────────────────
  Script:    script/GovernorProposal.s.sol
  Network:   anvil-31337 (31337)
  Namespace: default
  Mode:      BROADCAST
  Senders:   anvil     0xf39Fd6e51aad88F6F4ce6aB8827279cffFb92266
             deployer  governor=0xbBbBBBBbbBBBbbbBbbBbbbbBBbBbbbbBbBbbBBbB timelock=0xbBbBBBBbbBBBbbbBbbBbbbbBBbBbbbbBbBbbBBbB proposer=0xf39Fd6e51aad88F6F4ce6aB8827279cffFb92266
──────────────────────────────────────────────────
[spinner]
No transactions recorded


🏛️ Governor Proposals:
──────────────────────────────────────────────────

  42 (would be proposed)
   Governor: 0xaAaA...aaAa | Timelock: 0xbBbB...BBbB | Status: pending | 1 linked transaction

Traces:
  [14884] GovernorProposalScript::run()
    ├─ [0] VM::startBroadcast()
    │   └─ ← [Return]
    ├─ [0] VM::stopBroadcast()
    │   └─ ← [Return]
    └─ ← [Stop]
