=== cmd 0: [run script/Deploy.s.sol --network anvil-31337 --broadcast --non-interactive --debug] ===
No files changed, compilation skipped
default
└─ 31337
   └─ SINGLETON
      └─ Counter:Counter 0x5b73...0519 UNVERIFIED

Transactions:
  1.  (SIMULATED)

1 deployment recorded, 1 transaction, 160,053 gas used
🔨 Compiling and executing script/Deploy.s.sol...
📡 Broadcasting...
✅ Execution complete.
Debug log saved to <PROJECT_ROOT>/.treb/debug-<DEBUG_TIMESTAMP>.log
