=== cmd 0: [run script/Deploy.s.sol --network anvil-31337 --broadcast --non-interactive --debug] ===
No files changed, compilation skipped

🔄 Transactions:
──────────────────────────────────────────────────
  1.  (SIMULATED)


📦 Deployment Summary:
──────────────────────────────────────────────────
default
└─ 31337
   └─ SINGLETON
      └─ Counter:Counter 0x5b73...0519 UNVERIFIED


✓ Registry Update:
──────────────────────────────────────────────────
  Registry update details pending.

🔨 Compiling and executing script/Deploy.s.sol...
📡 Broadcasting...
✅ Execution complete.
Debug log saved to <PROJECT_ROOT>/.treb/debug-<DEBUG_TIMESTAMP>.log
