=== cmd 0: [run script/Deploy.s.sol --network anvil-31337 --broadcast --non-interactive --debug] ===
No files changed, compilation skipped
┌──────────┬────────────────────────────────────────────┬───────────┬───────────┬───────┐
│ Contract ┆ Address                                    ┆ Type      ┆ Namespace ┆ Chain │
╞══════════╪════════════════════════════════════════════╪═══════════╪═══════════╪═══════╡
│ Counter  ┆ 0x5b73C5498c1E3b4dbA84de0F1833c4a029d90519 ┆ SINGLETON ┆ default   ┆ 31337 │
└──────────┴────────────────────────────────────────────┴───────────┴───────────┴───────┘

1 deployment recorded, 1 transaction
Compiling and executing script/Deploy.s.sol...
Execution complete.


--- .treb/deployments.json ---
{
  "default/31337/Counter:Counter": {
    "id": "default/31337/Counter:Counter",
    "namespace": "default",
    "chainId": 31337,
    "contractName": "Counter",
    "label": "Counter",
    "address": "0x5b73C5498c1E3b4dbA84de0F1833c4a029d90519",
    "type": "SINGLETON",
    "transactionId": "tx-<ID>",
    "deploymentStrategy": {
      "method": "CREATE",
      "initCodeHash": "0x6b4b0d70f62210e7956a96f3bb74f24ec0326d67968691426354cc51d99c27fd"
    },
    "proxyInfo": null,
    "artifact": {
      "path": "<PROJECT_ROOT>/src/Counter.sol",
      "compilerVersion": "",
      "bytecodeHash": "0xc977a8cd8e35b34034d62c150d567937cbb522a6d77fdf133a1a4753b2dd27a6",
      "scriptPath": "script/Deploy.s.sol",
      "gitCommit": ""
    },
    "verification": {
      "status": "UNVERIFIED"
    },
    "tags": null,
    "createdAt": "<TIMESTAMP>",
    "updatedAt": "<TIMESTAMP>"
  }
}

--- .treb/transactions.json ---
{
  "tx-<ID>": {
    "id": "tx-<ID>",
    "chainId": 31337,
    "hash": "",
    "status": "SIMULATED",
    "sender": "0x1804c8AB1F12E6bbf3894d4083f33e07309d1f38",
    "nonce": 0,
    "deployments": [
      "default/31337/Counter:Counter"
    ],
    "operations": [],
    "environment": "default",
    "createdAt": "<TIMESTAMP>"
  }
}
