{
  "tx-<ID>": {
    "id": "tx-<ID>",
    "chainId": 31337,
    "hash": "",
    "status": "SIMULATED",
    "sender": "0x1804c8AB1F12E6bbf3894d4083f33e07309d1f38",
    "nonce": 0,
    "deployments": [
      "default/31337/Counter:Counter"
    ],
    "operations": [],
    "environment": "default",
    "createdAt": "<TIMESTAMP>"
  }
}
