=== cmd 0: [gen deploy Counter --strategy create2 --proxy uups --output script/DeployCounter_create2_uups.s.sol] ===

✅ Generated deployment script: script/DeployCounter_create2_uups.s.sol
This script will deploy both the implementation and proxy contracts.
Make sure to update the initializer parameters if needed.

To deploy, run:
  treb run script/DeployCounter_create2_uups.s.sol --network <network>
🔨 Compiling project...
📝 Generating deploy script...
