$ treb config show --json
{
  "namespace": "default",
  "network": null,
  "profile": "default",
  "config_source": "treb.toml (v2)",
  "project_root": "<PROJECT_ROOT>",
  "senders": {
    "anvil": {
      "type": "private_key",
      "private_key": "0xac0974bec39a17e36ba4a6b4d238ff944bacb478cbed5efcae784d7bf4f2ff80"
    }
  }
}
