$ treb prune --yes
┌───────────┬──────────────────────┬──────────────────────────────────────────────────────────────────┬──────────┐
│ ID        ┆ Kind                 ┆ Reason                                                           ┆ Chain ID │
╞═══════════╪══════════════════════╪══════════════════════════════════════════════════════════════════╪══════════╡
│ dep-1     ┆ BrokenTransactionRef ┆ deployment 'dep-1' references missing transaction 'tx-missing-1' ┆ 1        │
├╌╌╌╌╌╌╌╌╌╌╌┼╌╌╌╌╌╌╌╌╌╌╌╌╌╌╌╌╌╌╌╌╌╌┼╌╌╌╌╌╌╌╌╌╌╌╌╌╌╌╌╌╌╌╌╌╌╌╌╌╌╌╌╌╌╌╌╌╌╌╌╌╌╌╌╌╌╌╌╌╌╌╌╌╌╌╌╌╌╌╌╌╌╌╌╌╌╌╌╌╌┼╌╌╌╌╌╌╌╌╌╌┤
│ dep-2     ┆ BrokenTransactionRef ┆ deployment 'dep-2' references missing transaction 'tx-missing-2' ┆ 42220    │
├╌╌╌╌╌╌╌╌╌╌╌┼╌╌╌╌╌╌╌╌╌╌╌╌╌╌╌╌╌╌╌╌╌╌┼╌╌╌╌╌╌╌╌╌╌╌╌╌╌╌╌╌╌╌╌╌╌╌╌╌╌╌╌╌╌╌╌╌╌╌╌╌╌╌╌╌╌╌╌╌╌╌╌╌╌╌╌╌╌╌╌╌╌╌╌╌╌╌╌╌╌┼╌╌╌╌╌╌╌╌╌╌┤
│ tx-orphan ┆ BrokenDeploymentRef  ┆ transaction 'tx-orphan' references missing deployment 'dep-gone' ┆ 1        │
└───────────┴──────────────────────┴──────────────────────────────────────────────────────────────────┴──────────┘

Removed 3 entry(s).
Backup created at: <PROJECT_ROOT>/.treb/backups/prune-<EPOCH>
