=== cmd 0: [gen deploy Counter --proxy erc1967 --proxy-contract MyCustomProxy --output script/DeployCounter_custom_proxy.s.sol] ===

✅ Generated deployment script: script/DeployCounter_custom_proxy.s.sol
This script will deploy both the implementation and proxy contracts.
Make sure to update the initializer parameters if needed.

To deploy, run:
  treb run script/DeployCounter_custom_proxy.s.sol --network <network>
🔨 Compiling project...
📝 Generating deploy script...
