=== cmd 0: [gen-deploy Counter --proxy erc1967 --proxy-contract MyCustomProxy --output script/DeployCounter_custom_proxy.s.sol] ===
Generated deploy script: script/DeployCounter_custom_proxy.s.sol


--- script/DeployCounter_custom_proxy.s.sol ---
// SPDX-License-Identifier: UNLICENSED
pragma solidity ^0.8.0;

import {Script, console} from "forge-std/Script.sol";
import { Counter } from "../src/Counter.sol";
// TODO: Import your custom proxy contract: MyCustomProxy

contract DeployCounter is Script {
    function run() public {
        vm.startBroadcast();

        // TODO: Set constructor arguments
        uint256 initialCount = 0; // TODO: replace placeholder
        address _owner = address(0); // TODO: replace placeholder

        // Deploy implementation
        Counter implementation = new Counter(initialCount, _owner);

        // TODO: Set initialization data for the proxy.
        // If your contract uses an initializer, encode the call here.
        // Use initData = "" if no initialization is needed.
        bytes memory initData = abi.encodeWithSelector(
            Counter.initialize.selector
            // TODO: Add initialize function arguments
        );

        // Deploy ERC1967 proxy
        MyCustomProxy proxy = new MyCustomProxy(
            address(implementation),
            initData
        );

        console.log("Counter implementation deployed at:", address(implementation));
        console.log("MyCustomProxy deployed at:", address(proxy));

        vm.stopBroadcast();
    }
}
