=== cmd 0: [config show] ===
    Namespace:  default
      Network:  mainnet
      Profile:  default
Config Source:  treb.toml (v2)
 Project Root:  <PROJECT_ROOT>

┌───────┬─────────────┬─────────┐
│ Role  ┆ Type        ┆ Address │
╞═══════╪═════════════╪═════════╡
│ anvil ┆ private_key ┆         │
└───────┴─────────────┴─────────┘
