=== cmd 0: [migrate config --yes --cleanup-foundry] ===
Backup written to: <PROJECT_ROOT>/treb.toml.bak-<UNIX_TIME>
Foundry backup written to: <PROJECT_ROOT>/foundry.toml.bak-<UNIX_TIME>
🔍 Detecting config format...
🔄 Converting v1 config to v2...
💾 Creating backup...
🧹 Cleaning up foundry.toml...
✅ Migration complete — treb.toml updated to v2 format.
