=== cmd 0: [fork history --json] ===
[
  {
    "action": "restart",
    "details": "Anvil reset; snapshot: 0x2",
    "network": "mainnet",
    "timestamp": "<TIMESTAMP>"
  },
  {
    "action": "enter",
    "network": "sepolia",
    "timestamp": "<TIMESTAMP>"
  },
  {
    "action": "enter",
    "network": "mainnet",
    "timestamp": "<TIMESTAMP>"
  }
]
