=== cmd 0: [tag --add v3-release mainnet/42220/FPMM:v<VERSION>] ===
✅ Added tag v3-release to mainnet/42220/FPMM:v<VERSION>

Current tags: v3-release

=== cmd 1: [tag mainnet/42220/FPMM:v<VERSION>] ===

Deployment: mainnet/42220/FPMM:v<VERSION>
Address: 0x42eddd7dC046da254A93659CA9b02f294606833D
Tags:    v3-release
