=== cmd 0: [run script/Deploy.s.sol --dry-run --non-interactive --verbose --json] ===
{
  "consoleLogs": [],
  "deployments": [
    {
      "address": "0x7FA9385bE102ac3EAc297483Dd6233D62b3e1496",
      "chainId": 0,
      "contractName": "Counter",
      "deploymentType": "SINGLETON",
      "id": "default/0/Counter:Counter",
      "namespace": "default"
    }
  ],
  "dryRun": true,
  "gasUsed": 160053,
  "governorProposals": [],
  "skipped": [],
  "success": true,
  "transactions": [
    {
      "hash": "",
      "id": "tx-<ID>",
      "status": "SIMULATED"
    }
  ]
}
