=== cmd 0: [run script/Deploy.s.sol --network anvil-31337 --broadcast --non-interactive --json] ===
{
  "consoleLogs": [],
  "deployments": [
    {
      "address": "0x5FbDB2315678afecb367f032d93F642f64180aa3",
      "chainId": 31337,
      "contractName": "Counter",
      "deploymentType": "SINGLETON",
      "id": "default/31337/Counter:Counter",
      "namespace": "default"
    }
  ],
  "dryRun": false,
  "gasUsed": 160053,
  "governorProposals": [],
  "skipped": [],
  "success": true,
  "transactions": [
    {
      "hash": "0xa658636a34df2719e7d6647add190fd14073e55c10231cabdd0fbd3fd022cab8",
      "id": "tx-<ID>",
      "status": "EXECUTED"
    }
  ]
}
