=== cmd 0: [dev anvil status] ===
┌─────────┬────────────────────────┬───────┬──────────┬────────────┬─────────────────────────┬────────┬─────────┐
│ Network ┆ RPC URL                ┆ Port  ┆ Chain ID ┆ Fork Block ┆ Started At              ┆ Uptime ┆ Status  │
╞═════════╪════════════════════════╪═══════╪══════════╪════════════╪═════════════════════════╪════════╪═════════╡
│ mainnet ┆ http://127.0.0.1:18545 ┆ 18545 ┆ 1        ┆ latest     ┆ <TIMESTAMP> UTC ┆ <UPTIME> ┆ stopped │
└─────────┴────────────────────────┴───────┴──────────┴────────────┴─────────────────────────┴────────┴─────────┘
