$ treb register --tx-hash <HASH> --network anvil-31337
┌──────────┬────────────────────────────────────────────┬───────────┬───────┐
│ Contract ┆ Address                                    ┆ Namespace ┆ Chain │
╞══════════╪════════════════════════════════════════════╪═══════════╪═══════╡
│ Unknown  ┆ <ADDRESS> ┆ default   ┆ 31337 │
└──────────┴────────────────────────────────────────────┴───────────┴───────┘

1 deployment registered from transaction 0x4674...85cb

--- .treb/deployments.json ---
{
  "default/31337/Unknown": {
    "id": "default/31337/Unknown",
    "namespace": "default",
    "chainId": 31337,
    "contractName": "Unknown",
    "label": "",
    "address": "<ADDRESS>",
    "type": "UNKNOWN",
    "transactionId": "tx-<HASH>",
    "deploymentStrategy": {
      "method": "CREATE"
    },
    "proxyInfo": null,
    "artifact": {
      "path": "",
      "compilerVersion": "",
      "bytecodeHash": "",
      "scriptPath": "",
      "gitCommit": ""
    },
    "verification": {
      "status": "UNVERIFIED"
    },
    "tags": null,
    "createdAt": "<TIMESTAMP>",
    "updatedAt": "<TIMESTAMP>"
  }
}
