=== cmd 0: [fork diff --network mainnet --json] ===
{
  "changes": [
    {
      "change": "removed",
      "file": "deployments",
      "key": "Removed_2"
    },
    {
      "change": "added",
      "file": "deployments",
      "key": "Token_3"
    }
  ],
  "clean": false,
  "network": "mainnet"
}
