=== cmd 0: [fork diff --network mainnet --json] ===
{
  "hasChanges": true,
  "modifiedDeployments": [
    {
      "address": "0xccc",
      "changeType": "removed",
      "id": "Removed_2",
      "type": ""
    }
  ],
  "network": "mainnet",
  "newDeployments": [
    {
      "address": "0xbbb",
      "changeType": "added",
      "id": "Token_3",
      "type": ""
    }
  ],
  "newTransactionCount": 0
}
