=== cmd 0: [--non-interactive list] ===
   ◎ namespace:   FORK/42220                    
└─ ⛓ chain:       celo (42220)                  
  
  SINGLETONS
  MockToken [fork]                            0xDeaDbeefdEAdbeefdEadbEEFdeadbeEFdEaDbeeF   UNVERIFIED        <TIMESTAMP>

   ◎ namespace:   MAINNET                       
└─ ⛓ chain:       celo (42220)                  
  
  PROXIES
  TransparentUpgradeableProxy:FPMMFactory     0x22A81Fc75b0d5F7cac19cABa9F0c3719b3897F03   UNVERIFIED        <TIMESTAMP>
  └─ FPMMFactory:v<VERSION>                                                                                                     
  
  IMPLEMENTATIONS
  FPMMFactory:v<VERSION> (core)                   0x959597fD009876e6f53EbdB2F1c1Bc3f994579dF   UNVERIFIED        <TIMESTAMP>
  
  SINGLETONS
  FPMM:v<VERSION>                                 0x42eddd7dC046da254A93659CA9b02f294606833D   e[✔︎]  s[-] b[-]   <TIMESTAMP>

Total deployments: 4
