=== cmd 0: [networks] ===
┌─────────┬────────────────────┬──────────┬────────────────────┐
│ Name    ┆ RPC URL            ┆ Chain ID ┆ Status             │
╞═════════╪════════════════════╪══════════╪════════════════════╡
│ mainnet ┆ ${MAINNET_RPC_URL} ┆ -        ┆ unresolved env var │
├╌╌╌╌╌╌╌╌╌┼╌╌╌╌╌╌╌╌╌╌╌╌╌╌╌╌╌╌╌╌┼╌╌╌╌╌╌╌╌╌╌┼╌╌╌╌╌╌╌╌╌╌╌╌╌╌╌╌╌╌╌╌┤
│ sepolia ┆ ${SEPOLIA_RPC_URL} ┆ -        ┆ unresolved env var │
└─────────┴────────────────────┴──────────┴────────────────────┘
