// SPDX-License-Identifier: UNLICENSED
pragma solidity ^0.8.0;

import {Script, console} from "forge-std/Script.sol";
import { Counter } from "../src/Counter.sol";
import { TransparentUpgradeableProxy } from "@openzeppelin/contracts/proxy/transparent/TransparentUpgradeableProxy.sol";

contract DeployCounter is Script {
    function run() public {
        vm.startBroadcast();

        // TODO: Set constructor arguments
        uint256 initialCount = 0; // TODO: replace placeholder
        address _owner = address(0); // TODO: replace placeholder

        // Deploy implementation
        Counter implementation = new Counter(initialCount, _owner);

        // TODO: Set the proxy admin address
        address proxyAdmin = msg.sender; // TODO: replace with actual admin

        // TODO: Set initialization data for the proxy
        bytes memory initData = abi.encodeWithSelector(
            Counter.initialize.selector
            // TODO: Add initialize function arguments
        );

        // Deploy transparent proxy
        TransparentUpgradeableProxy proxy = new TransparentUpgradeableProxy(
            address(implementation),
            proxyAdmin,
            initData
        );

        console.log("Counter implementation deployed at:", address(implementation));
        console.log("TransparentUpgradeableProxy deployed at:", address(proxy));

        vm.stopBroadcast();
    }
}
