=== cmd 0: [show mainnet/42220/TransparentUpgradeableProxy:FPMMFactory] ===
Deployment: mainnet/42220/TransparentUpgradeableProxy:FPMMFactory
================================================================================

Basic Information:
  Contract: TransparentUpgradeableProxy:FPMMFactory
  Address: 0x22A81Fc75b0d5F7cac19cABa9F0c3719b3897F03
  Type: PROXY
  Namespace: mainnet
  Network: 42220
  Label: FPMMFactory

Deployment Strategy:
  Method: CREATE3
  Factory: 0xba5Ed099633D3B313e4D5F7bdc1305d3c28ba5Ed
  Salt: 0x32cb58b145d3f7e28c45ce4b2cc31fa94248b23f00eef2eee23afd47b3f7fcaf
  Entropy: mainnet/lib/openzeppelin-contracts/contracts/proxy/transparent/TransparentUpgradeableProxy.sol:TransparentUpgradeableProxy:FPMMFactory
  InitCodeHash: 0x<HASH>

Proxy Information:
  Type: UUPS
  Implementation: 0x959597fD009876e6f53EbdB2F1c1Bc3f994579dF

Artifact Information:
  Path: lib/openzeppelin-contracts/contracts/proxy/transparent/TransparentUpgradeableProxy.sol
  Compiler: 0.8.33+commit.64118f21
  BytecodeHash: 0x<HASH>
  Script: script/deploy/v3/DeployV3PreStage.s.sol
  GitCommit: f7c896cf0da6eca082cf90066d7e9510978e4659

Verification Status:
  Status: UNVERIFIED

Timestamps:
  Created: <TIMESTAMP>
  Updated: <TIMESTAMP>
