=== cmd 0: [run script/GovernorProposal.s.sol --non-interactive] ===
──────────────────────────────────────────────────
  Script:    script/GovernorProposal.s.sol
  Network:   (none)
  Namespace: default
  Mode:      DRY_RUN
  Senders:   anvil     0xf39Fd6e51aad88F6F4ce6aB8827279cffFb92266
             deployer  governor=0xbBbBBBBbbBBBbbbBbbBbbbbBBbBbbbbBbBbbBBbB timelock=0xbBbBBBBbbBBBbbbBbbBbbbbBBbBbbbbBbBbbBBbB proposer=0xf39Fd6e51aad88F6F4ce6aB8827279cffFb92266
──────────────────────────────────────────────────
[spinner]
No transactions recorded


🏛️ Governor Proposals:
──────────────────────────────────────────────────

  42 (would be proposed)
   Governor: 0xaAaA...aaAa | Timelock: 0xbBbB...BBbB | Status: pending | 1 linked transaction
