=== cmd 0: [ls] ===
fork/42220
\-- 42220
    \-- SINGLETON
        \-- MockToken 0xDeaD...beeF UNVERIFIED [fork]

mainnet
\-- 42220
    |-- PROXY
    |   \-- TransparentUpgradeableProxy:FPMMFactory 0x22A8...7F03 UNVERIFIED
    |       \-- Implementation 0x9595...79dF
    \-- SINGLETON
        |-- FPMM:v<VERSION> 0x42ed...833D e[V] s[X] b[-]
        \-- FPMMFactory:v<VERSION> 0x9595...79dF UNVERIFIED
