// SPDX-License-Identifier: UNLICENSED
pragma solidity ^0.8.0;

import {Script, console} from "forge-std/Script.sol";
import { SimpleContract } from "../src/SimpleContract.sol";

contract DeploySimpleContract is Script {
    function run() public {
        vm.startBroadcast();

        SimpleContract deployed = new SimpleContract();

        console.log("SimpleContract deployed at:", address(deployed));

        vm.stopBroadcast();
    }
}
