$ treb fork history --network mainnet
┌─────────────────────────┬─────────┬─────────┬────────────────────────────┐
│ Timestamp               ┆ Action  ┆ Network ┆ Details                    │
╞═════════════════════════╪═════════╪═════════╪════════════════════════════╡
│ <TIMESTAMP> UTC ┆ restart ┆ mainnet ┆ Anvil reset; snapshot: 0x2 │
├╌╌╌╌╌╌╌╌╌╌╌╌╌╌╌╌╌╌╌╌╌╌╌╌╌┼╌╌╌╌╌╌╌╌╌┼╌╌╌╌╌╌╌╌╌┼╌╌╌╌╌╌╌╌╌╌╌╌╌╌╌╌╌╌╌╌╌╌╌╌╌╌╌╌┤
│ <TIMESTAMP> UTC ┆ enter   ┆ mainnet ┆ -                          │
└─────────────────────────┴─────────┴─────────┴────────────────────────────┘
