=== cmd 0: [migrate config --yes] ===
✓ treb.toml written successfully

Next steps:
  1. Review the generated treb.toml
  2. Remove [profile.*.treb.*] sections from foundry.toml
  3. Run `treb config show` to verify your config is loaded correctly
🔍 Detecting config format...
Warning: No treb.toml found — migrating senders from foundry.toml (deprecated location).
🔄 Converting foundry.toml senders to v2 config...
