=== cmd 0: [list --json] ===
{
  "deployments": [
    {
      "address": "0x42eddd7dC046da254A93659CA9b02f294606833D",
      "chainId": 42220,
      "contractName": "FPMM",
      "id": "mainnet/42220/FPMM:v<VERSION>",
      "label": "v<VERSION>",
      "namespace": "mainnet",
      "type": "SINGLETON"
    },
    {
      "address": "0x959597fD009876e6f53EbdB2F1c1Bc3f994579dF",
      "chainId": 42220,
      "contractName": "FPMMFactory",
      "id": "mainnet/42220/FPMMFactory:v<VERSION>",
      "label": "v<VERSION>",
      "namespace": "mainnet",
      "type": "SINGLETON"
    },
    {
      "address": "0x22A81Fc75b0d5F7cac19cABa9F0c3719b3897F03",
      "chainId": 42220,
      "contractName": "TransparentUpgradeableProxy",
      "id": "mainnet/42220/TransparentUpgradeableProxy:FPMMFactory",
      "label": "FPMMFactory",
      "namespace": "mainnet",
      "type": "PROXY"
    }
  ]
}
