=== cmd 0: [list --contract TransparentUpgradeableProxy] ===
   ◎ namespace:   MAINNET                       
└─ ⛓ chain:       celo (42220)                  
  
  PROXIES
  TransparentUpgradeableProxy:FPMMFactory     0x22A81Fc75b0d5F7cac19cABa9F0c3719b3897F03   UNVERIFIED   <TIMESTAMP>
  └─ FPMMFactory:v<VERSION>                                                                                                

Total deployments: 1
