=== cmd 0: [fork enter --help] ===
Enter fork mode: snapshot registry and start Anvil for all configured networks

Snapshots the current registry once, then spawns a background Anvil subprocess for every network in
`foundry.toml [rpc_endpoints]` (or a subset via `--network`). Each Anvil gets a deterministic port
based on chain ID, deploys CreateX, and takes an initial EVM snapshot.

Usage: treb fork enter [OPTIONS]

Options:
      --network <NETWORK>
          Fork specific networks only (comma-separated or repeated)

      --no-color
          Disable colored output (also respected via NO_COLOR env var)

      --non-interactive
          Skip interactive prompts (also enabled via TREB_NON_INTERACTIVE=1, CI=true, or non-TTY
          stdin/stdout)

      --rpc-url <RPC_URL>
          Upstream RPC URL override (only valid with a single --network)

      --fork-block-number <FORK_BLOCK_NUMBER>
          Fork at a specific block number (applies to all networks)

  -h, --help
          Print help (see a summary with '-h')
