=== cmd 0: [run script/Deploy.s.sol --network anvil-31337 --broadcast --non-interactive] ===
No files changed, compilation skipped

🔄 Transactions:
──────────────────────────────────────────────────

  simulated anvil → 0x5b73C5498c1E3b4dbA84de0F1833c4a029d90519::CREATE(DEPLOY)


📦 Deployment Summary:
──────────────────────────────────────────────────
default
└─ 31337
   └─ SINGLETON
      └─ Counter:Counter 0x5b73...0519 UNVERIFIED


✓ Registry Update:
──────────────────────────────────────────────────
  Registry update details pending.

🔨 Compiling and executing script/Deploy.s.sol...
📡 Broadcasting...
✅ Execution complete.
