$ treb run script/Deploy.s.sol --network anvil-31337 --broadcast --non-interactive
No files changed, compilation skipped
┌──────────┬────────────────────────────────────────────┬───────────┬───────────┬───────┐
│ Contract ┆ Address                                    ┆ Type      ┆ Namespace ┆ Chain │
╞══════════╪════════════════════════════════════════════╪═══════════╪═══════════╪═══════╡
│ Counter  ┆ <ADDRESS> ┆ SINGLETON ┆ default   ┆ 31337 │
└──────────┴────────────────────────────────────────────┴───────────┴───────────┴───────┘

1 deployment recorded, 1 transaction
Compiling and executing script/Deploy.s.sol...
Execution complete.

--- .treb/deployments.json ---
{
  "default/31337/Counter:Counter": {
    "id": "default/31337/Counter:Counter",
    "namespace": "default",
    "chainId": 31337,
    "contractName": "Counter",
    "label": "Counter",
    "address": "<ADDRESS>",
    "type": "SINGLETON",
    "transactionId": "tx-<HASH>",
    "deploymentStrategy": {
      "method": "CREATE",
      "initCodeHash": "<HASH>"
    },
    "proxyInfo": null,
    "artifact": {
      "path": "<PROJECT_ROOT>/src/Counter.sol",
      "compilerVersion": "",
      "bytecodeHash": "<HASH>",
      "scriptPath": "script/Deploy.s.sol",
      "gitCommit": ""
    },
    "verification": {
      "status": "UNVERIFIED"
    },
    "tags": null,
    "createdAt": "<TIMESTAMP>",
    "updatedAt": "<TIMESTAMP>"
  }
}

--- .treb/transactions.json ---
{
  "tx-<HASH>": {
    "id": "tx-<HASH>",
    "chainId": 31337,
    "hash": "",
    "status": "SIMULATED",
    "sender": "<ADDRESS>",
    "nonce": 0,
    "deployments": [
      "default/31337/Counter:Counter"
    ],
    "operations": [],
    "environment": "default",
    "createdAt": "<TIMESTAMP>"
  }
}
