{
  "tx-<ID>": {
    "id": "tx-<ID>",
    "chainId": 31337,
    "hash": "0xa658636a34df2719e7d6647add190fd14073e55c10231cabdd0fbd3fd022cab8",
    "status": "EXECUTED",
    "blockNumber": 1,
    "sender": "0xf39Fd6e51aad88F6F4ce6aB8827279cffFb92266",
    "nonce": 0,
    "deployments": [],
    "operations": [
      {
        "type": "DEPLOY",
        "target": "contract creation",
        "method": "0x60806040",
        "result": {}
      }
    ],
    "broadcastFile": "broadcast/Deploy.s.sol/31337/run-latest.json",
    "environment": "default",
    "createdAt": "<TIMESTAMP>"
  }
}
