=== cmd 0: [show mainnet/42220/FPMM:v<VERSION>] ===
Deployment: mainnet/42220/FPMM:v<VERSION>
================================================================================

Basic Information:
  Contract: FPMM:v<VERSION>
  Address: 0x42eddd7dC046da254A93659CA9b02f294606833D
  Type: SINGLETON
  Namespace: mainnet
  Network: 42220
  Label: v<VERSION>

Deployment Strategy:
  Method: CREATE3
  Factory: 0xba5Ed099633D3B313e4D5F7bdc1305d3c28ba5Ed
  Salt: 0x32cb58b145d3f7e28c45ce4b2cc31fa94248b23f00a2e3014050467acb6c25eb
  Entropy: mainnet/FPMM:v<VERSION>
  InitCodeHash: 0x<HASH>

Artifact Information:
  Path: lib/mento-core/contracts/swap/FPMM.sol
  Compiler: 0.8.24+commit.e11b9ed9
  BytecodeHash: 0x<HASH>
  Script: script/deploy/v3/DeployV3PreStage.s.sol
  GitCommit: f7c896cf0da6eca082cf90066d7e9510978e4659

Verification Status:
  Status: PARTIAL
  Etherscan: https://celoscan.io/address/0x42eddd7dC046da254A93659CA9b02f294606833D#code

Timestamps:
  Created: <TIMESTAMP>
  Updated: <TIMESTAMP>
