=== cmd 0: [fork enter --network localhost] ===
Entered fork mode for network 'localhost'.

  Network:      localhost
  Chain ID:     1
  Fork URL:     <LABEL>
  Env Override: ETH_RPC_URL_LOCALHOST=<LABEL>

Run 'treb fork status' to check fork state
Run 'treb fork exit' to stop fork and restore original state
