=== cmd 0: [list --type PROXY] ===
┌─────────────────────────────┬─────────────┬───────────┬───────┬───────┬───────────────┬──────────────┐
│ Name                        ┆ Label       ┆ Namespace ┆ Chain ┆ Type  ┆ Address       ┆ Verification │
╞═════════════════════════════╪═════════════╪═══════════╪═══════╪═══════╪═══════════════╪══════════════╡
│ TransparentUpgradeableProxy ┆ FPMMFactory ┆ mainnet   ┆ 42220 ┆ PROXY ┆ 0x22A8...7F03 ┆ UNVERIFIED   │
└─────────────────────────────┴─────────────┴───────────┴───────┴───────┴───────────────┴──────────────┘
