=== cmd 0: [fork status] ===
┌─────────┬──────────┬────────────────────────┬───────┬────────────┬─────────────────────────┬─────────┬───────────┬─────────────┬─────────┐
│ Network ┆ Chain ID ┆ RPC URL                ┆ Port  ┆ Fork Block ┆ Started At              ┆ Uptime  ┆ Snapshots ┆ Deployments ┆ Status  │
╞═════════╪══════════╪════════════════════════╪═══════╪════════════╪═════════════════════════╪═════════╪═══════════╪═════════════╪═════════╡
│ mainnet ┆ 1        ┆ http://localhost:18545 ┆ 18545 ┆ latest     ┆ <TIMESTAMP> UTC ┆ <UPTIME> ┆ 0         ┆ 0           ┆ stopped │
└─────────┴──────────┴────────────────────────┴───────┴────────────┴─────────────────────────┴─────────┴───────────┴─────────────┴─────────┘
