=== cmd 0: [fork status] ===
┌─────────┬────────────────────────┬───────┬──────────┬────────────┬─────────────────────────┬─────────┐
│ Network ┆ RPC URL                ┆ Port  ┆ Chain ID ┆ Fork Block ┆ Started At              ┆ Status  │
╞═════════╪════════════════════════╪═══════╪══════════╪════════════╪═════════════════════════╪═════════╡
│ mainnet ┆ http://localhost:18545 ┆ 18545 ┆ 1        ┆ latest     ┆ <TIMESTAMP> UTC ┆ stopped │
└─────────┴────────────────────────┴───────┴──────────┴────────────┴─────────────────────────┴─────────┘
