=== cmd 0: [registry prune --dry-run] ===
🔍 Checking registry entries...

🗑️  Found 3 items to prune:

Deployments (2):
  - dep-1 at 0x0000000000000000000000000000000000000001 (reason: deployment 'dep-1' references missing transaction 'tx-missing-1')
  - dep-2 at 0x0000000000000000000000000000000000000001 (reason: deployment 'dep-2' references missing transaction 'tx-missing-2')

Transactions (1):
  - tx-orphan [Executed] (reason: transaction 'tx-orphan' references missing deployment 'dep-gone')
