=== cmd 0: [reset --yes --namespace staging] ===
Found 4 items to reset for namespace 'staging' on network '1' (chain 1):

  Deployments:        1
  Transactions:       1
  Safe Transactions:  1
  Governor Proposals: 1

Running in non-interactive mode. Proceeding with reset...
Successfully reset 4 items from the registry.
