=== cmd 0: [run script/Deploy.s.sol --network anvil-31337 --broadcast --non-interactive --verbose] ===

🚀 Running Deployment Script
──────────────────────────────────────────────────
  Script:    script/Deploy.s.sol
  Network:   anvil-31337 (31337)
  Namespace: default
  Mode:      LIVE
  Senders:   anvil: 0xf39Fd6e51aad88F6F4ce6aB8827279cffFb92266
──────────────────────────────────────────────────
No files changed, compilation skipped

🔄 Transactions:
──────────────────────────────────────────────────

  simulated anvil → 0x5b73C5498c1E3b4dbA84de0F1833c4a029d90519::CREATE(DEPLOY)


📦 Deployment Summary:
──────────────────────────────────────────────────
  Counter:Counter at 0x5b73C5498c1E3b4dbA84de0F1833c4a029d90519


✓ Updated registry for anvil-31337 network in namespace default
✓ Script execution completed successfully
🔨 Compiling and executing script/Deploy.s.sol...
📡 Broadcasting...
