=== cmd 0: [run script/Deploy.s.sol --network anvil-31337 --broadcast --non-interactive --verbose] ===
No files changed, compilation skipped
default
└─ 31337
   └─ SINGLETON
      └─ Counter:Counter 0x5b73...0519 UNVERIFIED

Transactions:
  1.  (SIMULATED)

1 deployment recorded, 1 transaction, 160,053 gas used
 Config source:  treb.toml (v2)
     Namespace:  default
      Chain ID:  31337
           RPC:  anvil-31337
        Sender:  anvil: 0xf39Fd6e51aad88F6F4ce6aB8827279cffFb92266
   Script path:  script/Deploy.s.sol
  Function sig:  run()
Broadcast mode:  broadcast

🔨 Compiling and executing script/Deploy.s.sol...
📡 Broadcasting...
✅ Execution complete.

            Events:  2 event(s) decoded
           Console:  0 console.log line(s)
       Deployments:  1 deployment(s)
      Transactions:  1 transaction(s)
Governor proposals:  0 governor proposal(s)
           Skipped:  0 skipped

  Registered Counter (0x5b73...0519)
