=== cmd 0: [gen deploy Counter --strategy create3 --output script/DeployCounter_create3.s.sol] ===

✅ Generated deployment script: script/DeployCounter_create3.s.sol

To deploy, run:
  treb run script/DeployCounter_create3.s.sol --network <network>
🔨 Compiling project...
📝 Generating deploy script...
