=== cmd 0: [fork status --json] ===
[
  {
    "chainId": 1,
    "deploymentCount": 0,
    "forkBlockNumber": null,
    "network": "mainnet",
    "port": 18545,
    "rpcUrl": "http://localhost:18545",
    "snapshotCount": 0,
    "startedAt": "<TIMESTAMP>",
    "status": "stopped",
    "uptime": "<UPTIME>"
  }
]
