$ treb list
┌─────────────────────────────┬─────────────┬───────────┬───────┬───────────┬───────────────┬──────────────┐
│ Name                        ┆ Label       ┆ Namespace ┆ Chain ┆ Type      ┆ Address       ┆ Verification │
╞═════════════════════════════╪═════════════╪═══════════╪═══════╪═══════════╪═══════════════╪══════════════╡
│ FPMM                        ┆ v<VERSION>      ┆ mainnet   ┆ 42220 ┆ SINGLETON ┆ 0x42ed...833D ┆ UNVERIFIED   │
├╌╌╌╌╌╌╌╌╌╌╌╌╌╌╌╌╌╌╌╌╌╌╌╌╌╌╌╌╌┼╌╌╌╌╌╌╌╌╌╌╌╌╌┼╌╌╌╌╌╌╌╌╌╌╌┼╌╌╌╌╌╌╌┼╌╌╌╌╌╌╌╌╌╌╌┼╌╌╌╌╌╌╌╌╌╌╌╌╌╌╌┼╌╌╌╌╌╌╌╌╌╌╌╌╌╌┤
│ FPMMFactory                 ┆ v<VERSION>      ┆ mainnet   ┆ 42220 ┆ SINGLETON ┆ 0x9595...79dF ┆ UNVERIFIED   │
├╌╌╌╌╌╌╌╌╌╌╌╌╌╌╌╌╌╌╌╌╌╌╌╌╌╌╌╌╌┼╌╌╌╌╌╌╌╌╌╌╌╌╌┼╌╌╌╌╌╌╌╌╌╌╌┼╌╌╌╌╌╌╌┼╌╌╌╌╌╌╌╌╌╌╌┼╌╌╌╌╌╌╌╌╌╌╌╌╌╌╌┼╌╌╌╌╌╌╌╌╌╌╌╌╌╌┤
│ TransparentUpgradeableProxy ┆ FPMMFactory ┆ mainnet   ┆ 42220 ┆ PROXY     ┆ 0x22A8...7F03 ┆ UNVERIFIED   │
└─────────────────────────────┴─────────────┴───────────┴───────┴───────────┴───────────────┴──────────────┘
