=== cmd 0: [run script/Deploy.s.sol --network anvil-31337 --sig nonexistent() --broadcast --non-interactive] ===
No files changed, compilation skipped
Compiling and executing script/Deploy.s.sol...
Error: pipeline execution failed

Caused by:
    forge error: forge execution preparation failed: Function `nonexistent()` is not implemented in your script.
