=== cmd 0: [version --json] ===
{
  "commit": "<SHORT_HASH>",
  "date": "<DATE>",
  "forgeVersion": "forge v<VERSION> (<SHORT_HASH>)",
  "foundryVersion": "nightly-e930477e92b860881feb2379f40927adb8e13aad",
  "rustVersion": "rustc <RUSTC_VERSION> (<SHORT_HASH> <DATE>)",
  "trebSolCommit": "<SHORT_HASH>",
  "version": "<SHORT_HASH>"
}
