=== cmd 0: [migrate config] ===
Backup written to: <PROJECT_ROOT>/treb.toml.bak-<UNIX_TIME>
✓ treb.toml written successfully

Next steps:
  1. Review the generated treb.toml
  2. Remove [profile.*.treb.*] sections from foundry.toml
  3. Run `treb config show` to verify your config is loaded correctly
🔍 Detecting config format...
🔄 Converting v1 config to v2...
Warning: treb.toml already exists and will be overwritten.
💾 Creating backup...
